<testsuites id="" name="" tests="20" failures="0" skipped="0" errors="0" time="20.53642">
<testsuite name="example.spec.ts" timestamp="2025-09-15T17:13:10.796Z" hostname="chromium" tests="4" failures="0" skipped="0" time="11.7" errors="0">
<testcase name="Journey Home App › should load the homepage" classname="example.spec.ts" time="2.819">
</testcase>
<testcase name="Journey Home App › should have working navigation links" classname="example.spec.ts" time="2.802">
</testcase>
<testcase name="Journey Home App › should be responsive on mobile" classname="example.spec.ts" time="2.773">
</testcase>
<testcase name="Journey Home App › should load without errors" classname="example.spec.ts" time="3.306">
</testcase>
</testsuite>
<testsuite name="example.spec.ts" timestamp="2025-09-15T17:13:10.796Z" hostname="firefox" tests="4" failures="0" skipped="0" time="6.433" errors="0">
<testcase name="Journey Home App › should load the homepage" classname="example.spec.ts" time="1.41">
</testcase>
<testcase name="Journey Home App › should have working navigation links" classname="example.spec.ts" time="1.268">
</testcase>
<testcase name="Journey Home App › should be responsive on mobile" classname="example.spec.ts" time="1.632">
</testcase>
<testcase name="Journey Home App › should load without errors" classname="example.spec.ts" time="2.123">
</testcase>
</testsuite>
<testsuite name="example.spec.ts" timestamp="2025-09-15T17:13:10.796Z" hostname="webkit" tests="4" failures="0" skipped="0" time="8.68" errors="0">
<testcase name="Journey Home App › should load the homepage" classname="example.spec.ts" time="2.058">
</testcase>
<testcase name="Journey Home App › should have working navigation links" classname="example.spec.ts" time="2.022">
</testcase>
<testcase name="Journey Home App › should be responsive on mobile" classname="example.spec.ts" time="2.074">
</testcase>
<testcase name="Journey Home App › should load without errors" classname="example.spec.ts" time="2.526">
</testcase>
</testsuite>
<testsuite name="example.spec.ts" timestamp="2025-09-15T17:13:10.796Z" hostname="Mobile Chrome" tests="4" failures="0" skipped="0" time="3.278" errors="0">
<testcase name="Journey Home App › should load the homepage" classname="example.spec.ts" time="0.682">
</testcase>
<testcase name="Journey Home App › should have working navigation links" classname="example.spec.ts" time="1.03">
</testcase>
<testcase name="Journey Home App › should be responsive on mobile" classname="example.spec.ts" time="0.539">
</testcase>
<testcase name="Journey Home App › should load without errors" classname="example.spec.ts" time="1.027">
</testcase>
</testsuite>
<testsuite name="example.spec.ts" timestamp="2025-09-15T17:13:10.796Z" hostname="Mobile Safari" tests="4" failures="0" skipped="0" time="3.027" errors="0">
<testcase name="Journey Home App › should load the homepage" classname="example.spec.ts" time="0.639">
</testcase>
<testcase name="Journey Home App › should have working navigation links" classname="example.spec.ts" time="0.672">
</testcase>
<testcase name="Journey Home App › should be responsive on mobile" classname="example.spec.ts" time="0.596">
</testcase>
<testcase name="Journey Home App › should load without errors" classname="example.spec.ts" time="1.12">
</testcase>
</testsuite>
</testsuites>